go test -tags=canary -count=1 -v ./test/canary/... && go run ./tools/versions bump
=== RUN   TestInstalledVersionClassifies
    canary_test.go:57: installed 2.1.280, verified range 2.1.246–2.1.280, classified verified
--- PASS: TestInstalledVersionClassifies (0.02s)
=== RUN   TestStatusLineVersionMatchesInstalled
    canary_test.go:69: interactive run: trust prompt seen=true, 19 status posts, 7 hook posts; headless managed 6 hook posts
--- PASS: TestStatusLineVersionMatchesInstalled (154.03s)
=== RUN   TestHookTransport
--- PASS: TestHookTransport (0.00s)
=== RUN   TestHookFields
=== RUN   TestHookFields/SessionStart
=== RUN   TestHookFields/UserPromptSubmit
=== RUN   TestHookFields/PreToolUse
=== RUN   TestHookFields/PostToolUse
=== RUN   TestHookFields/Stop
=== RUN   TestHookFields/StopFailure
=== RUN   TestHookFields/SessionEnd
=== RUN   TestHookFields/Notification
=== RUN   TestHookFields/PermissionRequest
=== RUN   TestHookFields/SessionStart.model_is_a_bare_string_when_present
    canary_test.go:153: SessionStart.model absent on this headless startup (optional per canary-fields)
--- PASS: TestHookFields (0.00s)
    --- PASS: TestHookFields/SessionStart (0.00s)
    --- PASS: TestHookFields/UserPromptSubmit (0.00s)
    --- PASS: TestHookFields/PreToolUse (0.00s)
    --- PASS: TestHookFields/PostToolUse (0.00s)
    --- PASS: TestHookFields/Stop (0.00s)
    --- PASS: TestHookFields/StopFailure (0.00s)
    --- PASS: TestHookFields/SessionEnd (0.00s)
    --- PASS: TestHookFields/Notification (0.00s)
    --- PASS: TestHookFields/PermissionRequest (0.00s)
    --- PASS: TestHookFields/SessionStart.model_is_a_bare_string_when_present (0.00s)
=== RUN   TestStopFailureReplacesStop
=== RUN   TestStopFailureReplacesStop/mode=""
=== RUN   TestStopFailureReplacesStop/mode="plan"
=== RUN   TestStopFailureReplacesStop/mode="acceptEdits"
=== RUN   TestStopFailureReplacesStop/mode="auto"
=== RUN   TestStopFailureReplacesStop/mode="default"
--- PASS: TestStopFailureReplacesStop (0.00s)
    --- PASS: TestStopFailureReplacesStop/mode="" (0.00s)
    --- PASS: TestStopFailureReplacesStop/mode="plan" (0.00s)
    --- PASS: TestStopFailureReplacesStop/mode="acceptEdits" (0.00s)
    --- PASS: TestStopFailureReplacesStop/mode="auto" (0.00s)
    --- PASS: TestStopFailureReplacesStop/mode="default" (0.00s)
=== RUN   TestPlanModeSequence
    canary_test.go:217: 
        	Error Trace:	/Users/damian/Documents/code/Projects/muster/test/canary/canary_test.go:217
        	Error:      	Should not be: -1
        	Test:       	TestPlanModeSequence
        	Messages:   	PreToolUse{ExitPlanMode} never arrived on run E; got [SessionStart UserPromptSubmit PreToolUse PermissionRequest Notification SessionEnd]
--- FAIL: TestPlanModeSequence (0.00s)
=== RUN   TestLaunchFlags
=== RUN   TestLaunchFlags/permission_mode_reflects_--permission-mode
=== RUN   TestLaunchFlags/permission_mode_reflects_--permission-mode/unauth,_no_flag
=== RUN   TestLaunchFlags/permission_mode_reflects_--permission-mode/unauth,_explicit_default
=== RUN   TestLaunchFlags/permission_mode_reflects_--permission-mode/unauth,_plan
=== RUN   TestLaunchFlags/permission_mode_reflects_--permission-mode/unauth,_acceptEdits
=== RUN   TestLaunchFlags/permission_mode_reflects_--permission-mode/unauth,_auto
    canary_test.go:263: unauth, auto: observed permission_mode = "default"
=== RUN   TestLaunchFlags/permission_mode_reflects_--permission-mode/interactive,_plan_(authenticated_cross-check)
=== RUN   TestLaunchFlags/SessionStart.session_title_equals_--name_(REQ-2)
=== RUN   TestLaunchFlags/resume_carries_the_same_session_identity_(REQ-4,_INV-3)
--- PASS: TestLaunchFlags (0.00s)
    --- PASS: TestLaunchFlags/permission_mode_reflects_--permission-mode (0.00s)
        --- PASS: TestLaunchFlags/permission_mode_reflects_--permission-mode/unauth,_no_flag (0.00s)
        --- PASS: TestLaunchFlags/permission_mode_reflects_--permission-mode/unauth,_explicit_default (0.00s)
        --- PASS: TestLaunchFlags/permission_mode_reflects_--permission-mode/unauth,_plan (0.00s)
        --- PASS: TestLaunchFlags/permission_mode_reflects_--permission-mode/unauth,_acceptEdits (0.00s)
        --- PASS: TestLaunchFlags/permission_mode_reflects_--permission-mode/unauth,_auto (0.00s)
        --- PASS: TestLaunchFlags/permission_mode_reflects_--permission-mode/interactive,_plan_(authenticated_cross-check) (0.00s)
    --- PASS: TestLaunchFlags/SessionStart.session_title_equals_--name_(REQ-2) (0.00s)
    --- PASS: TestLaunchFlags/resume_carries_the_same_session_identity_(REQ-4,_INV-3) (0.00s)
=== RUN   TestModelCatalogPrecheck
=== RUN   TestModelCatalogPrecheck/an_unrecognised_custom_model_comes_back_ModelUnrecognised
=== RUN   TestModelCatalogPrecheck/the_launched_haiku_preset_comes_back_ModelRecognised
--- PASS: TestModelCatalogPrecheck (0.00s)
    --- PASS: TestModelCatalogPrecheck/an_unrecognised_custom_model_comes_back_ModelUnrecognised (0.00s)
    --- PASS: TestModelCatalogPrecheck/the_launched_haiku_preset_comes_back_ModelRecognised (0.00s)
=== RUN   TestNotifications
=== RUN   TestNotifications/idle_prompt_arrives_after_Stop_(REQ-3)
    canary_test.go:324: idle_prompt arrived 60.05s after Stop
=== RUN   TestNotifications/permission_prompt_shares_PermissionRequest's_prompt_id_(REQ-5)
    canary_test.go:345: permission_suggestions present=false (tool_name="AskUserQuestion", permission_mode="plan")
--- PASS: TestNotifications (0.00s)
    --- PASS: TestNotifications/idle_prompt_arrives_after_Stop_(REQ-3) (0.00s)
    --- PASS: TestNotifications/permission_prompt_shares_PermissionRequest's_prompt_id_(REQ-5) (0.00s)
=== RUN   TestStatusLineFields
    canary_test.go:386: status line carries keys not in the inventory (superset is fine; record in canary-fields): [scratchpad_dir prompt_cache]
    canary_test.go:423: resumed session (run E, launched without --name) last status-line session_name = Muster Canary
--- PASS: TestStatusLineFields (0.00s)
=== RUN   TestUnknownVersusZero
    canary_test.go:457: 1 pre-response post(s) checked
--- PASS: TestUnknownVersusZero (0.00s)
=== RUN   TestCommandHookPathQuoting
--- PASS: TestCommandHookPathQuoting (0.00s)
=== RUN   TestCommandHooksCarryEnvelopeOnEveryEvent
--- PASS: TestCommandHooksCarryEnvelopeOnEveryEvent (0.00s)
=== RUN   TestLocalSettingsHonoured
--- PASS: TestLocalSettingsHonoured (0.00s)
=== RUN   TestConfigDirBreaksOAuth
=== RUN   TestConfigDirBreaksOAuth/mode=""
=== RUN   TestConfigDirBreaksOAuth/mode="plan"
=== RUN   TestConfigDirBreaksOAuth/mode="acceptEdits"
=== RUN   TestConfigDirBreaksOAuth/mode="auto"
=== RUN   TestConfigDirBreaksOAuth/mode="default"
--- PASS: TestConfigDirBreaksOAuth (0.00s)
    --- PASS: TestConfigDirBreaksOAuth/mode="" (0.00s)
    --- PASS: TestConfigDirBreaksOAuth/mode="plan" (0.00s)
    --- PASS: TestConfigDirBreaksOAuth/mode="acceptEdits" (0.00s)
    --- PASS: TestConfigDirBreaksOAuth/mode="auto" (0.00s)
    --- PASS: TestConfigDirBreaksOAuth/mode="default" (0.00s)
=== RUN   TestSessionEndReasonAmbiguous
--- PASS: TestSessionEndReasonAmbiguous (0.00s)
=== RUN   TestClearMintsNewSessionID
--- PASS: TestClearMintsNewSessionID (0.00s)
=== RUN   TestRefreshIntervalIsSeconds
    canary_test.go:658: 13 idle status posts over 1m0.158s (mean gap 4.628s, widest 5.035s) at refreshInterval 5
--- PASS: TestRefreshIntervalIsSeconds (0.00s)
=== RUN   TestShiftTabFiresNoHook
--- PASS: TestShiftTabFiresNoHook (0.00s)
=== RUN   TestKeychainCredentialShape
--- PASS: TestKeychainCredentialShape (0.03s)
=== RUN   TestUsageAPIResponseShape
--- PASS: TestUsageAPIResponseShape (0.98s)
=== RUN   TestThemeConfigParses
--- PASS: TestThemeConfigParses (0.00s)
=== RUN   TestSkipDecision
=== RUN   TestSkipDecision/equal,_force_and_offline_both_unset:_skip
=== RUN   TestSkipDecision/equal,_force_set:_runs_(does_not_skip)
=== RUN   TestSkipDecision/equal,_offline_set:_runs_(offline_always_wins,_INV-4)
=== RUN   TestSkipDecision/equal,_both_force_and_offline_set:_runs
=== RUN   TestSkipDecision/installed_below_verified:_never_skips
=== RUN   TestSkipDecision/installed_above_verified:_never_skips
=== RUN   TestSkipDecision/installed_above_verified,_force_set:_still_never_skips
--- PASS: TestSkipDecision (0.00s)
    --- PASS: TestSkipDecision/equal,_force_and_offline_both_unset:_skip (0.00s)
    --- PASS: TestSkipDecision/equal,_force_set:_runs_(does_not_skip) (0.00s)
    --- PASS: TestSkipDecision/equal,_offline_set:_runs_(offline_always_wins,_INV-4) (0.00s)
    --- PASS: TestSkipDecision/equal,_both_force_and_offline_set:_runs (0.00s)
    --- PASS: TestSkipDecision/installed_below_verified:_never_skips (0.00s)
    --- PASS: TestSkipDecision/installed_above_verified:_never_skips (0.00s)
    --- PASS: TestSkipDecision/installed_above_verified,_force_set:_still_never_skips (0.00s)
=== RUN   TestSkipDecision_ReasonNamesTheForceEnvVar
--- PASS: TestSkipDecision_ReasonNamesTheForceEnvVar (0.00s)
=== RUN   TestInstalledBinaryCarriesInterfaceStrings
--- PASS: TestInstalledBinaryCarriesInterfaceStrings (0.18s)
FAIL
FAIL	github.com/Zalaras/muster/test/canary	156.030s
FAIL
make: *** [canary] Error 1
exit=2
